2025-03-24 15:13:58 557: 
2025-03-24 15:13:58 557: > alayon-next@0.1.0 start
2025-03-24 15:13:58 557: > next start
2025-03-24 15:13:58 557: 
2025-03-24 15:13:58 790:   ▲ Next.js 14.2.3
2025-03-24 15:13:58 790:   - Local:        http://localhost:3000
2025-03-24 15:13:58 790: 
2025-03-24 15:13:58 790:  ✓ Starting...
2025-03-24 15:13:58 912:  ✓ Ready in 246ms
2025-03-24 15:15:46 443: 
2025-03-24 15:15:46 443: > alayon-next@0.1.0 start
2025-03-24 15:15:46 443: > next start
2025-03-24 15:15:46 443: 
2025-03-24 15:15:46 666:   ▲ Next.js 14.2.3
2025-03-24 15:15:46 666:   - Local:        http://localhost:3000
2025-03-24 15:15:46 666: 
2025-03-24 15:15:46 666:  ✓ Starting...
2025-03-24 15:15:46 788:  ✓ Ready in 244ms
2025-03-24 15:15:50 441: 
2025-03-24 15:15:50 441: > alayon-next@0.1.0 start
2025-03-24 15:15:50 441: > next start
2025-03-24 15:15:50 441: 
2025-03-24 15:15:50 666:   ▲ Next.js 14.2.3
2025-03-24 15:15:50 666:   - Local:        http://localhost:3000
2025-03-24 15:15:50 667: 
2025-03-24 15:15:50 667:  ✓ Starting...
2025-03-24 15:15:50 787:  ✓ Ready in 241ms
2025-03-24 15:18:13 947: 
2025-03-24 15:18:13 947: > alayon-next@0.1.0 start
2025-03-24 15:18:13 947: > next start
2025-03-24 15:18:13 947: 
2025-03-24 15:18:14 181:   ▲ Next.js 14.2.3
2025-03-24 15:18:14 182:   - Local:        http://localhost:3000
2025-03-24 15:18:14 182: 
2025-03-24 15:18:14 182:  ✓ Starting...
2025-03-24 15:18:14 305:  ✓ Ready in 249ms
2025-03-24 15:18:19 320: 
2025-03-24 15:18:19 320: > alayon-next@0.1.0 start
2025-03-24 15:18:19 320: > next start
2025-03-24 15:18:19 320: 
2025-03-24 15:18:19 547:   ▲ Next.js 14.2.3
2025-03-24 15:18:19 547:   - Local:        http://localhost:3000
2025-03-24 15:18:19 547: 
2025-03-24 15:18:19 547:  ✓ Starting...
2025-03-24 15:18:19 669:  ✓ Ready in 244ms
2025-03-24 15:18:21 097: 
2025-03-24 15:18:21 097: > alayon-next@0.1.0 start
2025-03-24 15:18:21 097: > next start
2025-03-24 15:18:21 097: 
2025-03-24 15:18:21 319:   ▲ Next.js 14.2.3
2025-03-24 15:18:21 319:   - Local:        http://localhost:3000
2025-03-24 15:18:21 319: 
2025-03-24 15:18:21 319:  ✓ Starting...
2025-03-24 15:18:21 442:  ✓ Ready in 242ms
